MPLINK 5.08, LINKER
Linker Map File - Created Fri May 04 01:06:23 2018

                                 Section Info
                  Section       Type    Address   Location Size(Bytes)
                ---------  ---------  ---------  ---------  ---------
                   .org_0       code   0x000000    program   0x000024
                   .cinit    romdata   0x000012    program   0x000004
.config_2007_BUILD/DEFAULT/PRODUCTION/CHASER.       code   0x002007    program   0x000002



                              Program Memory Usage 
                               Start         End      
                           ---------   ---------      
                            0x000000    0x000013      
                            0x002007    0x002007      
            21 out of 1094 program addresses used, program memory utilization is 1%



                              Symbols - Sorted by Name
                     Name    Address   Location    Storage File                     
                ---------  ---------  ---------  --------- ---------                
                    jloop   0x00000c    program     static C:\Users\Stephen Apolinar\MPLABXProjects\CHASER.X\CHASER.asm
                    kloop   0x00000d    program     static C:\Users\Stephen Apolinar\MPLABXProjects\CHASER.X\CHASER.asm
                       m1   0x000009    program     static C:\Users\Stephen Apolinar\MPLABXProjects\CHASER.X\CHASER.asm
                       m2   0x00000a    program     static C:\Users\Stephen Apolinar\MPLABXProjects\CHASER.X\CHASER.asm
                    mloop   0x000005    program     static C:\Users\Stephen Apolinar\MPLABXProjects\CHASER.X\CHASER.asm



                              Symbols - Sorted by Address
                     Name    Address   Location    Storage File                     
                ---------  ---------  ---------  --------- ---------                
                    mloop   0x000005    program     static C:\Users\Stephen Apolinar\MPLABXProjects\CHASER.X\CHASER.asm
                       m1   0x000009    program     static C:\Users\Stephen Apolinar\MPLABXProjects\CHASER.X\CHASER.asm
                       m2   0x00000a    program     static C:\Users\Stephen Apolinar\MPLABXProjects\CHASER.X\CHASER.asm
                    jloop   0x00000c    program     static C:\Users\Stephen Apolinar\MPLABXProjects\CHASER.X\CHASER.asm
                    kloop   0x00000d    program     static C:\Users\Stephen Apolinar\MPLABXProjects\CHASER.X\CHASER.asm


